../Core/Src/main.c:32:5:main	8	static
../Core/Src/main.c:88:6:SystemClock_Config	88	static
../Core/Src/main.c:132:13:MX_GPIO_Init	48	static
../Core/Src/main.c:155:13:MX_UART_Init	8	static
../Core/Src/main.c:173:13:MX_TIM2_Init	32	static
../Core/Src/main.c:207:13:MX_TIM3_Init	32	static
../Core/Src/main.c:232:13:MX_ADC1_Init	24	static
../Core/Src/main.c:279:6:HAL_UART_RxCpltCallback	16	static
../Core/Src/main.c:321:6:HAL_UART_TxCpltCallback	16	static
../Core/Src/main.c:327:6:HAL_TIM_PeriodElapsedCallback	16	static
../Core/Src/main.c:352:6:Error_Handler	4	static,ignoring_inline_asm
