../Core/Src/main.c:29:5:main	8	static
../Core/Src/main.c:74:6:SystemClock_Config	88	static
../Core/Src/main.c:118:13:MX_GPIO_Init	48	static
../Core/Src/main.c:141:13:MX_UART_Init	8	static
../Core/Src/main.c:159:13:MX_TIM2_Init	32	static
../Core/Src/main.c:193:13:MX_TIM3_Init	32	static
../Core/Src/main.c:219:6:HAL_UART_RxCpltCallback	16	static
../Core/Src/main.c:261:6:HAL_UART_TxCpltCallback	16	static
../Core/Src/main.c:267:6:HAL_TIM_PeriodElapsedCallback	16	static
../Core/Src/main.c:292:6:Error_Handler	4	static,ignoring_inline_asm
